  console.log
    Test environment setup

      at Object.<anonymous> (src/tests/setup.ts:3:9)

node.exe : FAIL src/tests/auth.test.ts (6.469 s)
At line:1 char:1
+ & "C:\Program Files\nodejs/node.exe" "C:\Program Files\nodejs/node_mo ...
+ ~~~~~~~~~~~~~~~~~~~~~~~~~~~~~~~~~~~~~~~~~~~~~~~~~~~~~~~~~~~~~~~~~~~~~
    + CategoryInfo          : NotSpecified: (FAIL src/tests/auth.test.ts (6.469 s):String) [], RemoteExceptio 
   n
    + FullyQualifiedErrorId : NativeCommandError
 
  ΓùÅ Auth Endpoints ΓÇ║ should register a new Parent successfully

    PrismaClientInitializationError: error: Environment variable not found: DATABASE_URL.
      -->  schema.prisma:7
       | 
     6 |   provider = "postgresql"
     7 |   url      = env("DATABASE_URL")
       | 

    Validation Error Count: 1

    [0m [90m 26 |[39m     beforeAll([36masync[39m () [33m=>[39m {
     [90m 27 |[39m         [90m// Connect to DB[39m
    [31m[1m>[22m[39m[90m 28 |[39m         [36mawait[39m prisma[33m.[39m$connect()[33m;[39m
     [90m    |[39m         [31m[1m^[22m[39m
     [90m 29 |[39m     })[33m;[39m
     [90m 30 |[39m
     [90m 31 |[39m     afterAll([36masync[39m () [33m=>[39m {[0m

      at t (node_modules/@prisma/client/runtime/library.js:112:2488)
      at Object.<anonymous> (src/tests/auth.test.ts:28:9)

  ΓùÅ Auth Endpoints ΓÇ║ should login the registered Parent

    PrismaClientInitializationError: error: Environment variable not found: DATABASE_URL.
      -->  schema.prisma:7
       | 
     6 |   provider = "postgresql"
     7 |   url      = env("DATABASE_URL")
       | 

    Validation Error Count: 1

    [0m [90m 26 |[39m     beforeAll([36masync[39m () [33m=>[39m {
     [90m 27 |[39m         [90m// Connect to DB[39m
    [31m[1m>[22m[39m[90m 28 |[39m         [36mawait[39m prisma[33m.[39m$connect()[33m;[39m
     [90m    |[39m         [31m[1m^[22m[39m
     [90m 29 |[39m     })[33m;[39m
     [90m 30 |[39m
     [90m 31 |[39m     afterAll([36masync[39m () [33m=>[39m {[0m

      at t (node_modules/@prisma/client/runtime/library.js:112:2488)
      at Object.<anonymous> (src/tests/auth.test.ts:28:9)

  ΓùÅ Auth Endpoints ΓÇ║ should fail to login with wrong password

    PrismaClientInitializationError: error: Environment variable not found: DATABASE_URL.
      -->  schema.prisma:7
       | 
     6 |   provider = "postgresql"
     7 |   url      = env("DATABASE_URL")
       | 

    Validation Error Count: 1

    [0m [90m 26 |[39m     beforeAll([36masync[39m () [33m=>[39m {
     [90m 27 |[39m         [90m// Connect to DB[39m
    [31m[1m>[22m[39m[90m 28 |[39m         [36mawait[39m prisma[33m.[39m$connect()[33m;[39m
     [90m    |[39m         [31m[1m^[22m[39m
     [90m 29 |[39m     })[33m;[39m
     [90m 30 |[39m
     [90m 31 |[39m     afterAll([36masync[39m () [33m=>[39m {[0m

      at t (node_modules/@prisma/client/runtime/library.js:112:2488)
      at Object.<anonymous> (src/tests/auth.test.ts:28:9)


  ΓùÅ Test suite failed to run

    PrismaClientInitializationError: 
    Invalid `prisma.studentProfile.deleteMany()` invocation in
    C:\Users\USER\OneDrive - Great Impressions\Desktop\LMS FILES\LMS\src\tests\auth.test.ts:33:37

      30 
      31 afterAll(async () => {
      32     // Clean up created users
    ΓåÆ 33     await prisma.studentProfile.deleteMany(
    error: Environment variable not found: DATABASE_URL.
      -->  schema.prisma:7
       | 
     6 |   provider = "postgresql"
     7 |   url      = env("DATABASE_URL")
       | 

    Validation Error Count: 1

    [0m [90m 31 |[39m     afterAll([36masync[39m () [33m=>[39m {
     [90m 32 |[39m         [90m// Clean up created users[39m
    [31m[1m>[22m[39m[90m 33 |[39m         [36mawait[39m 
prisma[33m.[39mstudentProfile[33m.[39mdeleteMany({ where[33m:[39m { user[33m:[39m { email[33m:[39m 
studentUser[33m.[39memail } } })[33m;[39m
     [90m    |[39m         [31m[1m^[22m[39m
     [90m 34 |[39m         [36mawait[39m prisma[33m.[39mparentProfile[33m.[39mdeleteMany({ 
where[33m:[39m { user[33m:[39m { email[33m:[39m parentUser[33m.[39memail } } })[33m;[39m
     [90m 35 |[39m         [36mawait[39m prisma[33m.[39muser[33m.[39mdeleteMany({ where[33m:[39m { 
email[33m:[39m { [36min[39m[33m:[39m [studentUser[33m.[39memail[33m,[39m 
parentUser[33m.[39memail] } } })[33m;[39m
     [90m 36 |[39m[0m

      at $n.handleRequestError (node_modules/@prisma/client/runtime/library.js:121:7615)
      at $n.handleAndLogRequestError (node_modules/@prisma/client/runtime/library.js:121:6623)
      at $n.request (node_modules/@prisma/client/runtime/library.js:121:6307)
      at l (node_modules/@prisma/client/runtime/library.js:130:9633)
      at Object.<anonymous> (src/tests/auth.test.ts:33:9)

Test Suites: 1 failed, 1 total
Tests:       3 failed, 3 total
Snapshots:   0 total
Time:        6.997 s, estimated 7 s
Ran all test suites matching src/tests/auth.test.ts.
